Component: Arm Compiler for Embedded 6.22 Tool: armlink [5ee90200]

==============================================================================

Section Cross References

    main.o(.text.UARTIntHandler) refers to uart.o(i.UARTIntStatus) for UARTIntStatus
    main.o(.text.UARTIntHandler) refers to uart.o(i.UARTIntClear) for UARTIntClear
    main.o(.text.UARTIntHandler) refers to uart.o(i.UARTCharsAvail) for UARTCharsAvail
    main.o(.text.UARTIntHandler) refers to uart.o(i.UARTCharGetNonBlocking) for UARTCharGetNonBlocking
    main.o(.text.UARTIntHandler) refers to uart.o(i.UARTCharPutNonBlocking) for UARTCharPutNonBlocking
    main.o(.text.UARTIntHandler) refers to gpio.o(i.GPIOPinWrite) for GPIOPinWrite
    main.o(.text.UARTIntHandler) refers to sysctl.o(i.SysCtlClockGet) for SysCtlClockGet
    main.o(.text.UARTIntHandler) refers to sysctl.o(.emb_text) for SysCtlDelay
    main.o(.ARM.exidx.text.UARTIntHandler) refers to main.o(.text.UARTIntHandler) for [Anonymous Symbol]
    main.o(.text.main) refers to sysctl.o(i.SysCtlClockSet) for SysCtlClockSet
    main.o(.text.main) refers to sysctl.o(i.SysCtlPeripheralEnable) for SysCtlPeripheralEnable
    main.o(.text.main) refers to gpio.o(i.GPIOPinTypeGPIOOutput) for GPIOPinTypeGPIOOutput
    main.o(.text.main) refers to gpio.o(i.GPIOPinConfigure) for GPIOPinConfigure
    main.o(.text.main) refers to gpio.o(i.GPIOPinTypeUART) for GPIOPinTypeUART
    main.o(.text.main) refers to sysctl.o(i.SysCtlClockGet) for SysCtlClockGet
    main.o(.text.main) refers to uart.o(i.UARTConfigSetExpClk) for UARTConfigSetExpClk
    main.o(.text.main) refers to interrupt.o(i.IntMasterEnable) for IntMasterEnable
    main.o(.text.main) refers to interrupt.o(i.IntEnable) for IntEnable
    main.o(.text.main) refers to uart.o(i.UARTIntEnable) for UARTIntEnable
    main.o(.text.main) refers to uart.o(i.UARTCharPut) for UARTCharPut
    main.o(.ARM.exidx.text.main) refers to main.o(.text.main) for [Anonymous Symbol]
    startup.o(STACK) refers (Special) to heapauxi.o(.text) for __use_two_region_memory
    startup.o(HEAP) refers (Special) to heapauxi.o(.text) for __use_two_region_memory
    startup.o(RESET) refers (Special) to heapauxi.o(.text) for __use_two_region_memory
    startup.o(RESET) refers to startup.o(STACK) for StackMem
    startup.o(RESET) refers to main.o(.text.UARTIntHandler) for UARTIntHandler
    startup.o(RESET) refers to __main.o(!!!main) for __main
    startup.o(.text) refers (Special) to heapauxi.o(.text) for __use_two_region_memory
    startup.o(.text) refers to startup.o(HEAP) for HeapMem
    startup.o(.text) refers to startup.o(STACK) for StackMem
    gpio.o(i.GPIOIntRegister) refers to gpio.o(i._GPIOIntNumberGet) for _GPIOIntNumberGet
    gpio.o(i.GPIOIntRegister) refers to interrupt.o(i.IntRegister) for IntRegister
    gpio.o(i.GPIOIntRegister) refers to interrupt.o(i.IntEnable) for IntEnable
    gpio.o(i.GPIOIntRegisterPin) refers to gpio.o(i._GPIOIntNumberGet) for _GPIOIntNumberGet
    gpio.o(i.GPIOIntRegisterPin) refers to interrupt.o(i.IntRegister) for IntRegister
    gpio.o(i.GPIOIntRegisterPin) refers to interrupt.o(i.IntEnable) for IntEnable
    gpio.o(i.GPIOIntUnregister) refers to gpio.o(i._GPIOIntNumberGet) for _GPIOIntNumberGet
    gpio.o(i.GPIOIntUnregister) refers to interrupt.o(i.IntDisable) for IntDisable
    gpio.o(i.GPIOIntUnregister) refers to interrupt.o(i.IntUnregister) for IntUnregister
    gpio.o(i.GPIOIntUnregisterPin) refers to gpio.o(i._GPIOIntNumberGet) for _GPIOIntNumberGet
    gpio.o(i.GPIOIntUnregisterPin) refers to interrupt.o(i.IntDisable) for IntDisable
    gpio.o(i.GPIOIntUnregisterPin) refers to interrupt.o(i.IntUnregister) for IntUnregister
    gpio.o(i.GPIOPinConfigure) refers to gpio.o(.constdata) for .constdata
    gpio.o(i.GPIOPinTypeADC) refers to gpio.o(i.GPIODirModeSet) for GPIODirModeSet
    gpio.o(i.GPIOPinTypeADC) refers to gpio.o(i.GPIOPadConfigSet) for GPIOPadConfigSet
    gpio.o(i.GPIOPinTypeCAN) refers to gpio.o(i.GPIODirModeSet) for GPIODirModeSet
    gpio.o(i.GPIOPinTypeCAN) refers to gpio.o(i.GPIOPadConfigSet) for GPIOPadConfigSet
    gpio.o(i.GPIOPinTypeComparator) refers to gpio.o(i.GPIODirModeSet) for GPIODirModeSet
    gpio.o(i.GPIOPinTypeComparator) refers to gpio.o(i.GPIOPadConfigSet) for GPIOPadConfigSet
    gpio.o(i.GPIOPinTypeComparatorOutput) refers to gpio.o(i.GPIODirModeSet) for GPIODirModeSet
    gpio.o(i.GPIOPinTypeComparatorOutput) refers to gpio.o(i.GPIOPadConfigSet) for GPIOPadConfigSet
    gpio.o(i.GPIOPinTypeDIVSCLK) refers to gpio.o(i.GPIODirModeSet) for GPIODirModeSet
    gpio.o(i.GPIOPinTypeDIVSCLK) refers to gpio.o(i.GPIOPadConfigSet) for GPIOPadConfigSet
    gpio.o(i.GPIOPinTypeEPI) refers to gpio.o(i.GPIODirModeSet) for GPIODirModeSet
    gpio.o(i.GPIOPinTypeEPI) refers to gpio.o(i.GPIOPadConfigSet) for GPIOPadConfigSet
    gpio.o(i.GPIOPinTypeEthernetLED) refers to gpio.o(i.GPIODirModeSet) for GPIODirModeSet
    gpio.o(i.GPIOPinTypeEthernetLED) refers to gpio.o(i.GPIOPadConfigSet) for GPIOPadConfigSet
    gpio.o(i.GPIOPinTypeEthernetMII) refers to gpio.o(i.GPIODirModeSet) for GPIODirModeSet
    gpio.o(i.GPIOPinTypeEthernetMII) refers to gpio.o(i.GPIOPadConfigSet) for GPIOPadConfigSet
    gpio.o(i.GPIOPinTypeGPIOInput) refers to gpio.o(i.GPIODirModeSet) for GPIODirModeSet
    gpio.o(i.GPIOPinTypeGPIOInput) refers to gpio.o(i.GPIOPadConfigSet) for GPIOPadConfigSet
    gpio.o(i.GPIOPinTypeGPIOOutput) refers to gpio.o(i.GPIOPadConfigSet) for GPIOPadConfigSet
    gpio.o(i.GPIOPinTypeGPIOOutput) refers to gpio.o(i.GPIODirModeSet) for GPIODirModeSet
    gpio.o(i.GPIOPinTypeGPIOOutputOD) refers to gpio.o(i.GPIOPadConfigSet) for GPIOPadConfigSet
    gpio.o(i.GPIOPinTypeGPIOOutputOD) refers to gpio.o(i.GPIODirModeSet) for GPIODirModeSet
    gpio.o(i.GPIOPinTypeHibernateRTCCLK) refers to gpio.o(i.GPIODirModeSet) for GPIODirModeSet
    gpio.o(i.GPIOPinTypeHibernateRTCCLK) refers to gpio.o(i.GPIOPadConfigSet) for GPIOPadConfigSet
    gpio.o(i.GPIOPinTypeI2C) refers to gpio.o(i.GPIODirModeSet) for GPIODirModeSet
    gpio.o(i.GPIOPinTypeI2C) refers to gpio.o(i.GPIOPadConfigSet) for GPIOPadConfigSet
    gpio.o(i.GPIOPinTypeI2CSCL) refers to gpio.o(i.GPIODirModeSet) for GPIODirModeSet
    gpio.o(i.GPIOPinTypeI2CSCL) refers to gpio.o(i.GPIOPadConfigSet) for GPIOPadConfigSet
    gpio.o(i.GPIOPinTypeLCD) refers to gpio.o(i.GPIODirModeSet) for GPIODirModeSet
    gpio.o(i.GPIOPinTypeLCD) refers to gpio.o(i.GPIOPadConfigSet) for GPIOPadConfigSet
    gpio.o(i.GPIOPinTypeOneWire) refers to gpio.o(i.GPIODirModeSet) for GPIODirModeSet
    gpio.o(i.GPIOPinTypeOneWire) refers to gpio.o(i.GPIOPadConfigSet) for GPIOPadConfigSet
    gpio.o(i.GPIOPinTypePWM) refers to gpio.o(i.GPIODirModeSet) for GPIODirModeSet
    gpio.o(i.GPIOPinTypePWM) refers to gpio.o(i.GPIOPadConfigSet) for GPIOPadConfigSet
    gpio.o(i.GPIOPinTypeQEI) refers to gpio.o(i.GPIODirModeSet) for GPIODirModeSet
    gpio.o(i.GPIOPinTypeQEI) refers to gpio.o(i.GPIOPadConfigSet) for GPIOPadConfigSet
    gpio.o(i.GPIOPinTypeSSI) refers to gpio.o(i.GPIODirModeSet) for GPIODirModeSet
    gpio.o(i.GPIOPinTypeSSI) refers to gpio.o(i.GPIOPadConfigSet) for GPIOPadConfigSet
    gpio.o(i.GPIOPinTypeTimer) refers to gpio.o(i.GPIODirModeSet) for GPIODirModeSet
    gpio.o(i.GPIOPinTypeTimer) refers to gpio.o(i.GPIOPadConfigSet) for GPIOPadConfigSet
    gpio.o(i.GPIOPinTypeTrace) refers to gpio.o(i.GPIODirModeSet) for GPIODirModeSet
    gpio.o(i.GPIOPinTypeTrace) refers to gpio.o(i.GPIOPadConfigSet) for GPIOPadConfigSet
    gpio.o(i.GPIOPinTypeUART) refers to gpio.o(i.GPIODirModeSet) for GPIODirModeSet
    gpio.o(i.GPIOPinTypeUART) refers to gpio.o(i.GPIOPadConfigSet) for GPIOPadConfigSet
    gpio.o(i.GPIOPinTypeUSBAnalog) refers to gpio.o(i.GPIODirModeSet) for GPIODirModeSet
    gpio.o(i.GPIOPinTypeUSBAnalog) refers to gpio.o(i.GPIOPadConfigSet) for GPIOPadConfigSet
    gpio.o(i.GPIOPinTypeUSBDigital) refers to gpio.o(i.GPIODirModeSet) for GPIODirModeSet
    gpio.o(i.GPIOPinTypeUSBDigital) refers to gpio.o(i.GPIOPadConfigSet) for GPIOPadConfigSet
    gpio.o(i.GPIOPinTypeWakeHigh) refers to gpio.o(i.GPIODirModeSet) for GPIODirModeSet
    gpio.o(i.GPIOPinTypeWakeHigh) refers to gpio.o(i.GPIOPadConfigSet) for GPIOPadConfigSet
    gpio.o(i.GPIOPinTypeWakeLow) refers to gpio.o(i.GPIODirModeSet) for GPIODirModeSet
    gpio.o(i.GPIOPinTypeWakeLow) refers to gpio.o(i.GPIOPadConfigSet) for GPIOPadConfigSet
    gpio.o(i._GPIOIntNumberGet) refers to gpio.o(.constdata) for .constdata
    interrupt.o(i.IntDisable) refers to interrupt.o(.constdata) for .constdata
    interrupt.o(i.IntEnable) refers to interrupt.o(.constdata) for .constdata
    interrupt.o(i.IntIsEnabled) refers to interrupt.o(.constdata) for .constdata
    interrupt.o(i.IntMasterDisable) refers to cpu.o(.emb_text) for CPUcpsid
    interrupt.o(i.IntMasterEnable) refers to cpu.o(.emb_text) for CPUcpsie
    interrupt.o(i.IntPendClear) refers to interrupt.o(.constdata) for .constdata
    interrupt.o(i.IntPendSet) refers to interrupt.o(.constdata) for .constdata
    interrupt.o(i.IntPriorityGet) refers to interrupt.o(.constdata) for .constdata
    interrupt.o(i.IntPriorityGroupingGet) refers to interrupt.o(.constdata) for .constdata
    interrupt.o(i.IntPriorityGroupingSet) refers to interrupt.o(.constdata) for .constdata
    interrupt.o(i.IntPriorityMaskGet) refers to cpu.o(.emb_text) for CPUbasepriGet
    interrupt.o(i.IntPriorityMaskSet) refers to cpu.o(.emb_text) for CPUbasepriSet
    interrupt.o(i.IntPrioritySet) refers to interrupt.o(.constdata) for .constdata
    interrupt.o(i.IntRegister) refers to interrupt.o(vtable) for vtable
    interrupt.o(i.IntUnregister) refers to interrupt.o(i._IntDefaultHandler) for _IntDefaultHandler
    interrupt.o(i.IntUnregister) refers to interrupt.o(vtable) for vtable
    sysctl.o(i.SysCtlClockFreqSet) refers to sysctl.o(.constdata) for .constdata
    sysctl.o(i.SysCtlClockGet) refers to sysctl.o(.constdata) for .constdata
    sysctl.o(i.SysCtlClockSet) refers to sysctl.o(.emb_text) for SysCtlDelay
    sysctl.o(i.SysCtlDeepSleep) refers to cpu.o(.emb_text) for CPUwfi
    sysctl.o(i.SysCtlIntRegister) refers to interrupt.o(i.IntRegister) for IntRegister
    sysctl.o(i.SysCtlIntRegister) refers to interrupt.o(i.IntEnable) for IntEnable
    sysctl.o(i.SysCtlIntUnregister) refers to interrupt.o(i.IntDisable) for IntDisable
    sysctl.o(i.SysCtlIntUnregister) refers to interrupt.o(i.IntUnregister) for IntUnregister
    sysctl.o(i.SysCtlSleep) refers to cpu.o(.emb_text) for CPUwfi
    sysctl.o(i.SysCtlVCOGet) refers to sysctl.o(.constdata) for .constdata
    uart.o(i.UARTIntRegister) refers to interrupt.o(i.IntRegister) for IntRegister
    uart.o(i.UARTIntRegister) refers to interrupt.o(i.IntEnable) for IntEnable
    uart.o(i.UARTIntRegister) refers to uart.o(.constdata) for .constdata
    uart.o(i.UARTIntUnregister) refers to interrupt.o(i.IntDisable) for IntDisable
    uart.o(i.UARTIntUnregister) refers to interrupt.o(i.IntUnregister) for IntUnregister
    uart.o(i.UARTIntUnregister) refers to uart.o(.constdata) for .constdata
    __main.o(!!!main) refers to __rtentry.o(.ARM.Collect$$rtentry$$00000000) for __rt_entry
    __rtentry.o(.ARM.Collect$$rtentry$$00000000) refers (Special) to __rtentry2.o(.ARM.Collect$$rtentry$$0000000A) for __rt_entry_li
    __rtentry.o(.ARM.Collect$$rtentry$$00000000) refers (Special) to __rtentry2.o(.ARM.Collect$$rtentry$$0000000D) for __rt_entry_main
    __rtentry.o(.ARM.Collect$$rtentry$$00000000) refers (Special) to __rtentry2.o(.ARM.Collect$$rtentry$$0000000C) for __rt_entry_postli_1
    __rtentry.o(.ARM.Collect$$rtentry$$00000000) refers (Special) to __rtentry2.o(.ARM.Collect$$rtentry$$00000009) for __rt_entry_postsh_1
    __rtentry.o(.ARM.Collect$$rtentry$$00000000) refers (Special) to __rtentry2.o(.ARM.Collect$$rtentry$$00000002) for __rt_entry_presh_1
    __rtentry.o(.ARM.Collect$$rtentry$$00000000) refers (Special) to __rtentry4.o(.ARM.Collect$$rtentry$$00000004) for __rt_entry_sh
    __rtentry2.o(.ARM.Collect$$rtentry$$00000008) refers to boardinit2.o(.text) for _platform_post_stackheap_init
    __rtentry2.o(.ARM.Collect$$rtentry$$0000000A) refers to libinit.o(.ARM.Collect$$libinit$$00000000) for __rt_lib_init
    __rtentry2.o(.ARM.Collect$$rtentry$$0000000B) refers to boardinit3.o(.text) for _platform_post_lib_init
    __rtentry2.o(.ARM.Collect$$rtentry$$0000000D) refers to main.o(.text.main) for main
    __rtentry2.o(.ARM.Collect$$rtentry$$0000000D) refers to exit.o(.text) for exit
    __rtentry2.o(.ARM.exidx) refers to __rtentry2.o(.ARM.Collect$$rtentry$$00000001) for .ARM.Collect$$rtentry$$00000001
    __rtentry2.o(.ARM.exidx) refers to __rtentry2.o(.ARM.Collect$$rtentry$$00000008) for .ARM.Collect$$rtentry$$00000008
    __rtentry2.o(.ARM.exidx) refers to __rtentry2.o(.ARM.Collect$$rtentry$$0000000A) for .ARM.Collect$$rtentry$$0000000A
    __rtentry2.o(.ARM.exidx) refers to __rtentry2.o(.ARM.Collect$$rtentry$$0000000B) for .ARM.Collect$$rtentry$$0000000B
    __rtentry2.o(.ARM.exidx) refers to __rtentry2.o(.ARM.Collect$$rtentry$$0000000D) for .ARM.Collect$$rtentry$$0000000D
    __rtentry4.o(.ARM.Collect$$rtentry$$00000004) refers to sys_stackheap_outer.o(.text) for __user_setup_stackheap
    __rtentry4.o(.ARM.exidx) refers to __rtentry4.o(.ARM.Collect$$rtentry$$00000004) for .ARM.Collect$$rtentry$$00000004
    sys_stackheap_outer.o(.text) refers to libspace.o(.text) for __user_perproc_libspace
    sys_stackheap_outer.o(.text) refers to startup.o(.text) for __user_initial_stackheap
    exit.o(.text) refers to rtexit.o(.ARM.Collect$$rtexit$$00000000) for __rt_exit
    libinit.o(.ARM.Collect$$libinit$$00000000) refers (Special) to libinit2.o(.ARM.Collect$$libinit$$00000030) for __rt_lib_init_alloca_1
    libinit.o(.ARM.Collect$$libinit$$00000000) refers (Special) to libinit2.o(.ARM.Collect$$libinit$$0000002E) for __rt_lib_init_argv_1
    libinit.o(.ARM.Collect$$libinit$$00000000) refers (Special) to libinit2.o(.ARM.Collect$$libinit$$0000001D) for __rt_lib_init_atexit_1
    libinit.o(.ARM.Collect$$libinit$$00000000) refers (Special) to libinit2.o(.ARM.Collect$$libinit$$00000023) for __rt_lib_init_clock_1
    libinit.o(.ARM.Collect$$libinit$$00000000) refers (Special) to libinit2.o(.ARM.Collect$$libinit$$00000034) for __rt_lib_init_cpp_1
    libinit.o(.ARM.Collect$$libinit$$00000000) refers (Special) to libinit2.o(.ARM.Collect$$libinit$$00000032) for __rt_lib_init_exceptions_1
    libinit.o(.ARM.Collect$$libinit$$00000000) refers (Special) to libinit2.o(.ARM.Collect$$libinit$$00000001) for __rt_lib_init_fp_1
    libinit.o(.ARM.Collect$$libinit$$00000000) refers (Special) to libinit2.o(.ARM.Collect$$libinit$$00000021) for __rt_lib_init_fp_trap_1
    libinit.o(.ARM.Collect$$libinit$$00000000) refers (Special) to libinit2.o(.ARM.Collect$$libinit$$00000025) for __rt_lib_init_getenv_1
    libinit.o(.ARM.Collect$$libinit$$00000000) refers (Special) to libinit2.o(.ARM.Collect$$libinit$$0000000C) for __rt_lib_init_heap_1
    libinit.o(.ARM.Collect$$libinit$$00000000) refers (Special) to libinit2.o(.ARM.Collect$$libinit$$00000013) for __rt_lib_init_lc_collate_1
    libinit.o(.ARM.Collect$$libinit$$00000000) refers (Special) to libinit2.o(.ARM.Collect$$libinit$$00000015) for __rt_lib_init_lc_ctype_1
    libinit.o(.ARM.Collect$$libinit$$00000000) refers (Special) to libinit2.o(.ARM.Collect$$libinit$$00000017) for __rt_lib_init_lc_monetary_1
    libinit.o(.ARM.Collect$$libinit$$00000000) refers (Special) to libinit2.o(.ARM.Collect$$libinit$$00000019) for __rt_lib_init_lc_numeric_1
    libinit.o(.ARM.Collect$$libinit$$00000000) refers (Special) to libinit2.o(.ARM.Collect$$libinit$$0000001B) for __rt_lib_init_lc_time_1
    libinit.o(.ARM.Collect$$libinit$$00000000) refers (Special) to libinit2.o(.ARM.Collect$$libinit$$00000006) for __rt_lib_init_preinit_1
    libinit.o(.ARM.Collect$$libinit$$00000000) refers (Special) to libinit2.o(.ARM.Collect$$libinit$$00000010) for __rt_lib_init_rand_1
    libinit.o(.ARM.Collect$$libinit$$00000000) refers (Special) to libinit2.o(.ARM.Collect$$libinit$$00000004) for __rt_lib_init_relocate_pie_1
    libinit.o(.ARM.Collect$$libinit$$00000000) refers (Special) to libinit2.o(.ARM.Collect$$libinit$$00000035) for __rt_lib_init_return
    libinit.o(.ARM.Collect$$libinit$$00000000) refers (Special) to libinit2.o(.ARM.Collect$$libinit$$0000001F) for __rt_lib_init_signal_1
    libinit.o(.ARM.Collect$$libinit$$00000000) refers (Special) to libinit2.o(.ARM.Collect$$libinit$$00000027) for __rt_lib_init_stdio_1
    libinit.o(.ARM.Collect$$libinit$$00000000) refers (Special) to libinit2.o(.ARM.Collect$$libinit$$0000000E) for __rt_lib_init_user_alloc_1
    libspace.o(.text) refers to libspace.o(.bss) for __libspace_start
    rtexit.o(.ARM.Collect$$rtexit$$00000000) refers (Special) to rtexit2.o(.ARM.Collect$$rtexit$$00000004) for __rt_exit_exit
    rtexit.o(.ARM.Collect$$rtexit$$00000000) refers (Special) to rtexit2.o(.ARM.Collect$$rtexit$$00000003) for __rt_exit_ls
    rtexit.o(.ARM.Collect$$rtexit$$00000000) refers (Special) to rtexit2.o(.ARM.Collect$$rtexit$$00000002) for __rt_exit_prels_1
    rtexit.o(.ARM.exidx) refers (Special) to rtexit2.o(.ARM.Collect$$rtexit$$00000004) for __rt_exit_exit
    rtexit.o(.ARM.exidx) refers (Special) to rtexit2.o(.ARM.Collect$$rtexit$$00000003) for __rt_exit_ls
    rtexit.o(.ARM.exidx) refers (Special) to rtexit2.o(.ARM.Collect$$rtexit$$00000002) for __rt_exit_prels_1
    rtexit.o(.ARM.exidx) refers to rtexit.o(.ARM.Collect$$rtexit$$00000000) for .ARM.Collect$$rtexit$$00000000
    libinit2.o(.ARM.Collect$$libinit$$00000001) refers to fpinit.o(x$fpl$fpinit) for _fp_init
    libinit2.o(.ARM.Collect$$libinit$$00000012) refers to libinit2.o(.ARM.Collect$$libinit$$00000011) for .ARM.Collect$$libinit$$00000011
    libinit2.o(.ARM.Collect$$libinit$$00000014) refers to libinit2.o(.ARM.Collect$$libinit$$00000011) for .ARM.Collect$$libinit$$00000011
    libinit2.o(.ARM.Collect$$libinit$$00000016) refers to libinit2.o(.ARM.Collect$$libinit$$00000011) for .ARM.Collect$$libinit$$00000011
    libinit2.o(.ARM.Collect$$libinit$$00000018) refers to libinit2.o(.ARM.Collect$$libinit$$00000011) for .ARM.Collect$$libinit$$00000011
    libinit2.o(.ARM.Collect$$libinit$$0000001A) refers to libinit2.o(.ARM.Collect$$libinit$$00000011) for .ARM.Collect$$libinit$$00000011
    libinit2.o(.ARM.Collect$$libinit$$00000028) refers to argv_veneer.o(.emb_text) for __ARM_argv_veneer
    libinit2.o(.ARM.Collect$$libinit$$00000029) refers to argv_veneer.o(.emb_text) for __ARM_argv_veneer
    rtexit2.o(.ARM.Collect$$rtexit$$00000003) refers to libshutdown.o(.ARM.Collect$$libshutdown$$00000000) for __rt_lib_shutdown
    rtexit2.o(.ARM.Collect$$rtexit$$00000004) refers to sys_exit.o(.text) for _sys_exit
    rtexit2.o(.ARM.exidx) refers to rtexit2.o(.ARM.Collect$$rtexit$$00000001) for .ARM.Collect$$rtexit$$00000001
    rtexit2.o(.ARM.exidx) refers to rtexit2.o(.ARM.Collect$$rtexit$$00000003) for .ARM.Collect$$rtexit$$00000003
    rtexit2.o(.ARM.exidx) refers to rtexit2.o(.ARM.Collect$$rtexit$$00000004) for .ARM.Collect$$rtexit$$00000004
    argv_veneer.o(.emb_text) refers to no_argv.o(.text) for __ARM_get_argv
    sys_exit.o(.text) refers (Special) to use_no_semi.o(.text) for __I$use$semihosting
    sys_exit.o(.text) refers (Special) to indicate_semi.o(.text) for __semihosting_library_function
    sys_exit_hlt.o(.text) refers (Special) to use_no_semi.o(.text) for __I$use$semihosting
    sys_exit_hlt.o(.text) refers (Special) to indicate_semi.o(.text) for __semihosting_library_function
    _get_argv_nomalloc.o(.text) refers (Special) to hrguard.o(.text) for __heap_region$guard
    _get_argv_nomalloc.o(.text) refers to defsig_rtmem_outer.o(.text) for __rt_SIGRTMEM
    _get_argv_nomalloc.o(.text) refers to sys_command.o(.text) for _sys_command_string
    libshutdown.o(.ARM.Collect$$libshutdown$$00000000) refers (Special) to libshutdown2.o(.ARM.Collect$$libshutdown$$00000002) for __rt_lib_shutdown_cpp_1
    libshutdown.o(.ARM.Collect$$libshutdown$$00000000) refers (Special) to libshutdown2.o(.ARM.Collect$$libshutdown$$00000007) for __rt_lib_shutdown_fp_trap_1
    libshutdown.o(.ARM.Collect$$libshutdown$$00000000) refers (Special) to libshutdown2.o(.ARM.Collect$$libshutdown$$0000000F) for __rt_lib_shutdown_heap_1
    libshutdown.o(.ARM.Collect$$libshutdown$$00000000) refers (Special) to libshutdown2.o(.ARM.Collect$$libshutdown$$00000010) for __rt_lib_shutdown_return
    libshutdown.o(.ARM.Collect$$libshutdown$$00000000) refers (Special) to libshutdown2.o(.ARM.Collect$$libshutdown$$0000000A) for __rt_lib_shutdown_signal_1
    libshutdown.o(.ARM.Collect$$libshutdown$$00000000) refers (Special) to libshutdown2.o(.ARM.Collect$$libshutdown$$00000004) for __rt_lib_shutdown_stdio_1
    libshutdown.o(.ARM.Collect$$libshutdown$$00000000) refers (Special) to libshutdown2.o(.ARM.Collect$$libshutdown$$0000000C) for __rt_lib_shutdown_user_alloc_1
    sys_command.o(.text) refers (Special) to use_no_semi.o(.text) for __I$use$semihosting
    sys_command.o(.text) refers (Special) to indicate_semi.o(.text) for __semihosting_library_function
    sys_command_hlt.o(.text) refers (Special) to use_no_semi.o(.text) for __I$use$semihosting
    sys_command_hlt.o(.text) refers (Special) to indicate_semi.o(.text) for __semihosting_library_function
    defsig_rtmem_outer.o(.text) refers to defsig_rtmem_inner.o(.text) for __rt_SIGRTMEM_inner
    defsig_rtmem_outer.o(.text) refers to defsig_exit.o(.text) for __sig_exit
    defsig_rtmem_formal.o(.text) refers to rt_raise.o(.text) for __rt_raise
    rt_raise.o(.text) refers to __raise.o(.text) for __raise
    rt_raise.o(.text) refers to sys_exit.o(.text) for _sys_exit
    defsig_exit.o(.text) refers to sys_exit.o(.text) for _sys_exit
    defsig_rtmem_inner.o(.text) refers to defsig_general.o(.text) for __default_signal_display
    __raise.o(.text) refers to defsig.o(CL$$defsig) for __default_signal_handler
    defsig_general.o(.text) refers to sys_wrch.o(.text) for _ttywrch
    sys_wrch.o(.text) refers (Special) to use_no_semi.o(.text) for __I$use$semihosting
    sys_wrch.o(.text) refers (Special) to indicate_semi.o(.text) for __semihosting_library_function
    sys_wrch_hlt.o(.text) refers (Special) to use_no_semi.o(.text) for __I$use$semihosting
    sys_wrch_hlt.o(.text) refers (Special) to indicate_semi.o(.text) for __semihosting_library_function
    defsig.o(CL$$defsig) refers to defsig_rtmem_inner.o(.text) for __rt_SIGRTMEM_inner
    defsig_abrt_inner.o(.text) refers to defsig_general.o(.text) for __default_signal_display
    defsig_fpe_inner.o(.text) refers to defsig_general.o(.text) for __default_signal_display
    defsig_rtred_inner.o(.text) refers to defsig_general.o(.text) for __default_signal_display
    defsig_stak_inner.o(.text) refers to defsig_general.o(.text) for __default_signal_display
    defsig_pvfn_inner.o(.text) refers to defsig_general.o(.text) for __default_signal_display
    defsig_cppl_inner.o(.text) refers to defsig_general.o(.text) for __default_signal_display
    defsig_segv_inner.o(.text) refers to defsig_general.o(.text) for __default_signal_display
    defsig_other.o(.text) refers to defsig_general.o(.text) for __default_signal_display


==============================================================================

Removing Unused input sections from the image.

    Removing main.o(.text), (0 bytes).
    Removing main.o(.ARM.exidx.text.UARTIntHandler), (8 bytes).
    Removing main.o(.ARM.exidx.text.main), (8 bytes).
    Removing main.o(.ARM.use_no_argv), (4 bytes).
    Removing gpio.o(i.GPIOADCTriggerDisable), (14 bytes).
    Removing gpio.o(i.GPIOADCTriggerEnable), (12 bytes).
    Removing gpio.o(i.GPIODMATriggerDisable), (14 bytes).
    Removing gpio.o(i.GPIODMATriggerEnable), (12 bytes).
    Removing gpio.o(i.GPIODirModeGet), (34 bytes).
    Removing gpio.o(i.GPIOIntClear), (6 bytes).
    Removing gpio.o(i.GPIOIntDisable), (14 bytes).
    Removing gpio.o(i.GPIOIntEnable), (12 bytes).
    Removing gpio.o(i.GPIOIntRegister), (26 bytes).
    Removing gpio.o(i.GPIOIntRegisterPin), (30 bytes).
    Removing gpio.o(i.GPIOIntStatus), (14 bytes).
    Removing gpio.o(i.GPIOIntTypeGet), (70 bytes).
    Removing gpio.o(i.GPIOIntTypeSet), (80 bytes).
    Removing gpio.o(i.GPIOIntUnregister), (22 bytes).
    Removing gpio.o(i.GPIOIntUnregisterPin), (26 bytes).
    Removing gpio.o(i.GPIOPadConfigGet), (248 bytes).
    Removing gpio.o(i.GPIOPinRead), (6 bytes).
    Removing gpio.o(i.GPIOPinTypeADC), (28 bytes).
    Removing gpio.o(i.GPIOPinTypeCAN), (28 bytes).
    Removing gpio.o(i.GPIOPinTypeComparator), (28 bytes).
    Removing gpio.o(i.GPIOPinTypeComparatorOutput), (28 bytes).
    Removing gpio.o(i.GPIOPinTypeDIVSCLK), (28 bytes).
    Removing gpio.o(i.GPIOPinTypeEPI), (28 bytes).
    Removing gpio.o(i.GPIOPinTypeEthernetLED), (28 bytes).
    Removing gpio.o(i.GPIOPinTypeEthernetMII), (28 bytes).
    Removing gpio.o(i.GPIOPinTypeGPIOInput), (28 bytes).
    Removing gpio.o(i.GPIOPinTypeGPIOOutputOD), (28 bytes).
    Removing gpio.o(i.GPIOPinTypeHibernateRTCCLK), (28 bytes).
    Removing gpio.o(i.GPIOPinTypeI2C), (28 bytes).
    Removing gpio.o(i.GPIOPinTypeI2CSCL), (28 bytes).
    Removing gpio.o(i.GPIOPinTypeLCD), (28 bytes).
    Removing gpio.o(i.GPIOPinTypeOneWire), (28 bytes).
    Removing gpio.o(i.GPIOPinTypePWM), (28 bytes).
    Removing gpio.o(i.GPIOPinTypeQEI), (28 bytes).
    Removing gpio.o(i.GPIOPinTypeSSI), (28 bytes).
    Removing gpio.o(i.GPIOPinTypeTimer), (28 bytes).
    Removing gpio.o(i.GPIOPinTypeTrace), (28 bytes).
    Removing gpio.o(i.GPIOPinTypeUSBAnalog), (28 bytes).
    Removing gpio.o(i.GPIOPinTypeUSBDigital), (28 bytes).
    Removing gpio.o(i.GPIOPinTypeWakeHigh), (30 bytes).
    Removing gpio.o(i.GPIOPinTypeWakeLow), (30 bytes).
    Removing gpio.o(i.GPIOPinWakeStatus), (6 bytes).
    Removing gpio.o(i.GPIOUnlockPin), (24 bytes).
    Removing gpio.o(i._GPIOIntNumberGet), (80 bytes).
    Removing interrupt.o(i.IntDisable), (100 bytes).
    Removing interrupt.o(i.IntIsEnabled), (96 bytes).
    Removing interrupt.o(i.IntMasterDisable), (14 bytes).
    Removing interrupt.o(i.IntPendClear), (68 bytes).
    Removing interrupt.o(i.IntPendSet), (84 bytes).
    Removing interrupt.o(i.IntPriorityGet), (28 bytes).
    Removing interrupt.o(i.IntPriorityGroupingGet), (36 bytes).
    Removing interrupt.o(i.IntPriorityGroupingSet), (28 bytes).
    Removing interrupt.o(i.IntPriorityMaskGet), (4 bytes).
    Removing interrupt.o(i.IntPriorityMaskSet), (4 bytes).
    Removing interrupt.o(i.IntPrioritySet), (40 bytes).
    Removing interrupt.o(i.IntRegister), (52 bytes).
    Removing interrupt.o(i.IntTrigger), (12 bytes).
    Removing interrupt.o(i.IntUnregister), (20 bytes).
    Removing interrupt.o(i._IntDefaultHandler), (2 bytes).
    Removing interrupt.o(vtable), (620 bytes).
    Removing sysctl.o(i.SysCtlAltClkConfig), (12 bytes).
    Removing sysctl.o(i.SysCtlClockFreqSet), (740 bytes).
    Removing sysctl.o(i.SysCtlClockOutConfig), (20 bytes).
    Removing sysctl.o(i.SysCtlDeepSleep), (32 bytes).
    Removing sysctl.o(i.SysCtlDeepSleepClockConfigSet), (112 bytes).
    Removing sysctl.o(i.SysCtlDeepSleepClockSet), (12 bytes).
    Removing sysctl.o(i.SysCtlDeepSleepPowerSet), (12 bytes).
    Removing sysctl.o(i.SysCtlFlashSectorSizeGet), (56 bytes).
    Removing sysctl.o(i.SysCtlFlashSizeGet), (56 bytes).
    Removing sysctl.o(i.SysCtlGPIOAHBDisable), (28 bytes).
    Removing sysctl.o(i.SysCtlGPIOAHBEnable), (24 bytes).
    Removing sysctl.o(i.SysCtlIntClear), (12 bytes).
    Removing sysctl.o(i.SysCtlIntDisable), (16 bytes).
    Removing sysctl.o(i.SysCtlIntEnable), (16 bytes).
    Removing sysctl.o(i.SysCtlIntRegister), (20 bytes).
    Removing sysctl.o(i.SysCtlIntStatus), (16 bytes).
    Removing sysctl.o(i.SysCtlIntUnregister), (18 bytes).
    Removing sysctl.o(i.SysCtlLDODeepSleepGet), (12 bytes).
    Removing sysctl.o(i.SysCtlLDODeepSleepSet), (12 bytes).
    Removing sysctl.o(i.SysCtlLDOSleepGet), (12 bytes).
    Removing sysctl.o(i.SysCtlLDOSleepSet), (12 bytes).
    Removing sysctl.o(i.SysCtlMOSCConfigSet), (12 bytes).
    Removing sysctl.o(i.SysCtlNMIClear), (16 bytes).
    Removing sysctl.o(i.SysCtlNMIStatus), (12 bytes).
    Removing sysctl.o(i.SysCtlPIOSCCalibrate), (76 bytes).
    Removing sysctl.o(i.SysCtlPWMClockGet), (24 bytes).
    Removing sysctl.o(i.SysCtlPWMClockSet), (20 bytes).
    Removing sysctl.o(i.SysCtlPeripheralClockGating), (68 bytes).
    Removing sysctl.o(i.SysCtlPeripheralDeepSleepDisable), (40 bytes).
    Removing sysctl.o(i.SysCtlPeripheralDeepSleepEnable), (40 bytes).
    Removing sysctl.o(i.SysCtlPeripheralDisable), (40 bytes).
    Removing sysctl.o(i.SysCtlPeripheralPowerOff), (40 bytes).
    Removing sysctl.o(i.SysCtlPeripheralPowerOn), (40 bytes).
    Removing sysctl.o(i.SysCtlPeripheralPresent), (44 bytes).
    Removing sysctl.o(i.SysCtlPeripheralReady), (44 bytes).
    Removing sysctl.o(i.SysCtlPeripheralReset), (60 bytes).
    Removing sysctl.o(i.SysCtlPeripheralSleepDisable), (40 bytes).
    Removing sysctl.o(i.SysCtlPeripheralSleepEnable), (40 bytes).
    Removing sysctl.o(i.SysCtlReset), (16 bytes).
    Removing sysctl.o(i.SysCtlResetBehaviorGet), (12 bytes).
    Removing sysctl.o(i.SysCtlResetBehaviorSet), (12 bytes).
    Removing sysctl.o(i.SysCtlResetCauseClear), (16 bytes).
    Removing sysctl.o(i.SysCtlResetCauseGet), (12 bytes).
    Removing sysctl.o(i.SysCtlSRAMSizeGet), (16 bytes).
    Removing sysctl.o(i.SysCtlSleep), (4 bytes).
    Removing sysctl.o(i.SysCtlSleepPowerSet), (12 bytes).
    Removing sysctl.o(i.SysCtlUSBPLLDisable), (16 bytes).
    Removing sysctl.o(i.SysCtlUSBPLLEnable), (16 bytes).
    Removing sysctl.o(i.SysCtlVCOGet), (120 bytes).
    Removing sysctl.o(i.SysCtlVoltageEventClear), (16 bytes).
    Removing sysctl.o(i.SysCtlVoltageEventConfig), (12 bytes).
    Removing sysctl.o(i.SysCtlVoltageEventStatus), (12 bytes).
    Removing uart.o(i.UART9BitAddrSend), (38 bytes).
    Removing uart.o(i.UART9BitAddrSet), (10 bytes).
    Removing uart.o(i.UART9BitDisable), (14 bytes).
    Removing uart.o(i.UART9BitEnable), (14 bytes).
    Removing uart.o(i.UARTBreakCtl), (18 bytes).
    Removing uart.o(i.UARTBusy), (8 bytes).
    Removing uart.o(i.UARTCharGet), (12 bytes).
    Removing uart.o(i.UARTClockSourceGet), (6 bytes).
    Removing uart.o(i.UARTClockSourceSet), (6 bytes).
    Removing uart.o(i.UARTConfigGetExpClk), (46 bytes).
    Removing uart.o(i.UARTDMADisable), (10 bytes).
    Removing uart.o(i.UARTDMAEnable), (8 bytes).
    Removing uart.o(i.UARTDisable), (30 bytes).
    Removing uart.o(i.UARTDisableSIR), (10 bytes).
    Removing uart.o(i.UARTEnable), (20 bytes).
    Removing uart.o(i.UARTEnableSIR), (18 bytes).
    Removing uart.o(i.UARTFIFODisable), (10 bytes).
    Removing uart.o(i.UARTFIFOEnable), (10 bytes).
    Removing uart.o(i.UARTFIFOLevelGet), (16 bytes).
    Removing uart.o(i.UARTFIFOLevelSet), (6 bytes).
    Removing uart.o(i.UARTFlowControlGet), (8 bytes).
    Removing uart.o(i.UARTFlowControlSet), (12 bytes).
    Removing uart.o(i.UARTIntDisable), (10 bytes).
    Removing uart.o(i.UARTIntRegister), (88 bytes).
    Removing uart.o(i.UARTIntUnregister), (88 bytes).
    Removing uart.o(i.UARTLoopbackEnable), (10 bytes).
    Removing uart.o(i.UARTModemControlClear), (14 bytes).
    Removing uart.o(i.UARTModemControlGet), (8 bytes).
    Removing uart.o(i.UARTModemControlSet), (12 bytes).
    Removing uart.o(i.UARTModemStatusGet), (10 bytes).
    Removing uart.o(i.UARTParityModeGet), (8 bytes).
    Removing uart.o(i.UARTParityModeSet), (12 bytes).
    Removing uart.o(i.UARTRxErrorClear), (6 bytes).
    Removing uart.o(i.UARTRxErrorGet), (8 bytes).
    Removing uart.o(i.UARTSmartCardDisable), (10 bytes).
    Removing uart.o(i.UARTSmartCardEnable), (22 bytes).
    Removing uart.o(i.UARTSpaceAvail), (10 bytes).
    Removing uart.o(i.UARTTxIntModeGet), (8 bytes).
    Removing uart.o(i.UARTTxIntModeSet), (12 bytes).
    Removing uart.o(.constdata), (128 bytes).

156 unused section(s) (total 5646 bytes) removed from the image.

==============================================================================

Image Symbol Table

    Local Symbols

    Symbol Name                              Value     Ov Type        Size  Object(Section)

    ../clib/angel/boardlib.s                 0x00000000   Number         0  boardinit1.o ABSOLUTE
    ../clib/angel/boardlib.s                 0x00000000   Number         0  boardinit2.o ABSOLUTE
    ../clib/angel/boardlib.s                 0x00000000   Number         0  boardinit3.o ABSOLUTE
    ../clib/angel/boardlib.s                 0x00000000   Number         0  boardshut.o ABSOLUTE
    ../clib/angel/handlers.s                 0x00000000   Number         0  __scatter_zi.o ABSOLUTE
    ../clib/angel/kernel.s                   0x00000000   Number         0  __rtentry.o ABSOLUTE
    ../clib/angel/kernel.s                   0x00000000   Number         0  __rtentry2.o ABSOLUTE
    ../clib/angel/kernel.s                   0x00000000   Number         0  __rtentry4.o ABSOLUTE
    ../clib/angel/kernel.s                   0x00000000   Number         0  rtexit.o ABSOLUTE
    ../clib/angel/kernel.s                   0x00000000   Number         0  rtexit2.o ABSOLUTE
    ../clib/angel/rt.s                       0x00000000   Number         0  rt_raise.o ABSOLUTE
    ../clib/angel/scatter.s                  0x00000000   Number         0  __scatter.o ABSOLUTE
    ../clib/angel/startup.s                  0x00000000   Number         0  __main.o ABSOLUTE
    ../clib/angel/sys.s                      0x00000000   Number         0  sys_stackheap_outer.o ABSOLUTE
    ../clib/angel/sys.s                      0x00000000   Number         0  libspace.o ABSOLUTE
    ../clib/angel/sys.s                      0x00000000   Number         0  use_no_semi.o ABSOLUTE
    ../clib/angel/sys.s                      0x00000000   Number         0  indicate_semi.o ABSOLUTE
    ../clib/angel/sysapp.c                   0x00000000   Number         0  sys_exit.o ABSOLUTE
    ../clib/angel/sysapp.c                   0x00000000   Number         0  sys_exit_hlt.o ABSOLUTE
    ../clib/angel/sysapp.c                   0x00000000   Number         0  sys_command.o ABSOLUTE
    ../clib/angel/sysapp.c                   0x00000000   Number         0  sys_command_hlt.o ABSOLUTE
    ../clib/angel/sysapp.c                   0x00000000   Number         0  sys_wrch.o ABSOLUTE
    ../clib/angel/sysapp.c                   0x00000000   Number         0  sys_wrch_hlt.o ABSOLUTE
    ../clib/armsys.c                         0x00000000   Number         0  argv_veneer.o ABSOLUTE
    ../clib/armsys.c                         0x00000000   Number         0  argv_veneer.o ABSOLUTE
    ../clib/armsys.c                         0x00000000   Number         0  _get_argv_nomalloc.o ABSOLUTE
    ../clib/armsys.c                         0x00000000   Number         0  no_argv.o ABSOLUTE
    ../clib/heapalloc.c                      0x00000000   Number         0  hrguard.o ABSOLUTE
    ../clib/heapaux.c                        0x00000000   Number         0  heapauxi.o ABSOLUTE
    ../clib/libinit.s                        0x00000000   Number         0  libinit.o ABSOLUTE
    ../clib/libinit.s                        0x00000000   Number         0  libinit2.o ABSOLUTE
    ../clib/libinit.s                        0x00000000   Number         0  libshutdown.o ABSOLUTE
    ../clib/libinit.s                        0x00000000   Number         0  libshutdown2.o ABSOLUTE
    ../clib/signal.c                         0x00000000   Number         0  defsig_rtmem_outer.o ABSOLUTE
    ../clib/signal.c                         0x00000000   Number         0  defsig_rtmem_formal.o ABSOLUTE
    ../clib/signal.c                         0x00000000   Number         0  defsig_exit.o ABSOLUTE
    ../clib/signal.c                         0x00000000   Number         0  defsig_rtmem_inner.o ABSOLUTE
    ../clib/signal.c                         0x00000000   Number         0  __raise.o ABSOLUTE
    ../clib/signal.c                         0x00000000   Number         0  defsig_general.o ABSOLUTE
    ../clib/signal.c                         0x00000000   Number         0  defsig_abrt_inner.o ABSOLUTE
    ../clib/signal.c                         0x00000000   Number         0  defsig_fpe_inner.o ABSOLUTE
    ../clib/signal.c                         0x00000000   Number         0  defsig_rtred_inner.o ABSOLUTE
    ../clib/signal.c                         0x00000000   Number         0  defsig_stak_inner.o ABSOLUTE
    ../clib/signal.c                         0x00000000   Number         0  defsig_pvfn_inner.o ABSOLUTE
    ../clib/signal.c                         0x00000000   Number         0  defsig_cppl_inner.o ABSOLUTE
    ../clib/signal.c                         0x00000000   Number         0  defsig_segv_inner.o ABSOLUTE
    ../clib/signal.c                         0x00000000   Number         0  defsig_other.o ABSOLUTE
    ../clib/signal.s                         0x00000000   Number         0  defsig.o ABSOLUTE
    ../clib/stdlib.c                         0x00000000   Number         0  exit.o ABSOLUTE
    ../fplib/fpinit.s                        0x00000000   Number         0  fpinit.o ABSOLUTE
    Startup.s                                0x00000000   Number         0  startup.o ABSOLUTE
    cpu.c                                    0x00000000   Number         0  cpu.o ABSOLUTE
    cpu.c                                    0x00000000   Number         0  cpu.o ABSOLUTE
    dc.s                                     0x00000000   Number         0  dc.o ABSOLUTE
    gpio.c                                   0x00000000   Number         0  gpio.o ABSOLUTE
    interrupt.c                              0x00000000   Number         0  interrupt.o ABSOLUTE
    main.c                                   0x00000000   Number         0  main.o ABSOLUTE
    sysctl.c                                 0x00000000   Number         0  sysctl.o ABSOLUTE
    sysctl.c                                 0x00000000   Number         0  sysctl.o ABSOLUTE
    uart.c                                   0x00000000   Number         0  uart.o ABSOLUTE
    RESET                                    0x00000000   Section      648  startup.o(RESET)
    $v0                                      0x0000026c   Number         0  startup.o(RESET)
    NmiSR                                    0x00000281   Thumb Code     0  startup.o(RESET)
    FaultISR                                 0x00000283   Thumb Code     0  startup.o(RESET)
    IntDefaultHandler                        0x00000285   Thumb Code     0  startup.o(RESET)
    !!!main                                  0x00000288   Section        8  __main.o(!!!main)
    !!!scatter                               0x00000290   Section       92  __scatter.o(!!!scatter)
    !!handler_null                           0x000002ec   Section        2  __scatter.o(!!handler_null)
    !!handler_zi                             0x000002f0   Section       28  __scatter_zi.o(!!handler_zi)
    .ARM.Collect$$libinit$$00000000          0x0000030c   Section        2  libinit.o(.ARM.Collect$$libinit$$00000000)
    .ARM.Collect$$libinit$$00000001          0x0000030e   Section        4  libinit2.o(.ARM.Collect$$libinit$$00000001)
    .ARM.Collect$$libinit$$00000004          0x00000312   Section        0  libinit2.o(.ARM.Collect$$libinit$$00000004)
    .ARM.Collect$$libinit$$00000006          0x00000312   Section        0  libinit2.o(.ARM.Collect$$libinit$$00000006)
    .ARM.Collect$$libinit$$0000000C          0x00000312   Section        0  libinit2.o(.ARM.Collect$$libinit$$0000000C)
    .ARM.Collect$$libinit$$0000000E          0x00000312   Section        0  libinit2.o(.ARM.Collect$$libinit$$0000000E)
    .ARM.Collect$$libinit$$00000010          0x00000312   Section        0  libinit2.o(.ARM.Collect$$libinit$$00000010)
    .ARM.Collect$$libinit$$00000013          0x00000312   Section        0  libinit2.o(.ARM.Collect$$libinit$$00000013)
    .ARM.Collect$$libinit$$00000015          0x00000312   Section        0  libinit2.o(.ARM.Collect$$libinit$$00000015)
    .ARM.Collect$$libinit$$00000017          0x00000312   Section        0  libinit2.o(.ARM.Collect$$libinit$$00000017)
    .ARM.Collect$$libinit$$00000019          0x00000312   Section        0  libinit2.o(.ARM.Collect$$libinit$$00000019)
    .ARM.Collect$$libinit$$0000001B          0x00000312   Section        0  libinit2.o(.ARM.Collect$$libinit$$0000001B)
    .ARM.Collect$$libinit$$0000001D          0x00000312   Section        0  libinit2.o(.ARM.Collect$$libinit$$0000001D)
    .ARM.Collect$$libinit$$0000001F          0x00000312   Section        0  libinit2.o(.ARM.Collect$$libinit$$0000001F)
    .ARM.Collect$$libinit$$00000021          0x00000312   Section        0  libinit2.o(.ARM.Collect$$libinit$$00000021)
    .ARM.Collect$$libinit$$00000023          0x00000312   Section        0  libinit2.o(.ARM.Collect$$libinit$$00000023)
    .ARM.Collect$$libinit$$00000025          0x00000312   Section        0  libinit2.o(.ARM.Collect$$libinit$$00000025)
    .ARM.Collect$$libinit$$00000027          0x00000312   Section        0  libinit2.o(.ARM.Collect$$libinit$$00000027)
    .ARM.Collect$$libinit$$0000002E          0x00000312   Section        0  libinit2.o(.ARM.Collect$$libinit$$0000002E)
    .ARM.Collect$$libinit$$00000030          0x00000312   Section        0  libinit2.o(.ARM.Collect$$libinit$$00000030)
    .ARM.Collect$$libinit$$00000032          0x00000312   Section        0  libinit2.o(.ARM.Collect$$libinit$$00000032)
    .ARM.Collect$$libinit$$00000034          0x00000312   Section        0  libinit2.o(.ARM.Collect$$libinit$$00000034)
    .ARM.Collect$$libinit$$00000035          0x00000312   Section        2  libinit2.o(.ARM.Collect$$libinit$$00000035)
    .ARM.Collect$$libshutdown$$00000000      0x00000314   Section        2  libshutdown.o(.ARM.Collect$$libshutdown$$00000000)
    .ARM.Collect$$libshutdown$$00000002      0x00000316   Section        0  libshutdown2.o(.ARM.Collect$$libshutdown$$00000002)
    .ARM.Collect$$libshutdown$$00000004      0x00000316   Section        0  libshutdown2.o(.ARM.Collect$$libshutdown$$00000004)
    .ARM.Collect$$libshutdown$$00000007      0x00000316   Section        0  libshutdown2.o(.ARM.Collect$$libshutdown$$00000007)
    .ARM.Collect$$libshutdown$$0000000A      0x00000316   Section        0  libshutdown2.o(.ARM.Collect$$libshutdown$$0000000A)
    .ARM.Collect$$libshutdown$$0000000C      0x00000316   Section        0  libshutdown2.o(.ARM.Collect$$libshutdown$$0000000C)
    .ARM.Collect$$libshutdown$$0000000F      0x00000316   Section        0  libshutdown2.o(.ARM.Collect$$libshutdown$$0000000F)
    .ARM.Collect$$libshutdown$$00000010      0x00000316   Section        2  libshutdown2.o(.ARM.Collect$$libshutdown$$00000010)
    .ARM.Collect$$rtentry$$00000000          0x00000318   Section        0  __rtentry.o(.ARM.Collect$$rtentry$$00000000)
    .ARM.Collect$$rtentry$$00000002          0x00000318   Section        0  __rtentry2.o(.ARM.Collect$$rtentry$$00000002)
    .ARM.Collect$$rtentry$$00000004          0x00000318   Section        6  __rtentry4.o(.ARM.Collect$$rtentry$$00000004)
    .ARM.Collect$$rtentry$$00000009          0x0000031e   Section        0  __rtentry2.o(.ARM.Collect$$rtentry$$00000009)
    .ARM.Collect$$rtentry$$0000000A          0x0000031e   Section        4  __rtentry2.o(.ARM.Collect$$rtentry$$0000000A)
    .ARM.Collect$$rtentry$$0000000C          0x00000322   Section        0  __rtentry2.o(.ARM.Collect$$rtentry$$0000000C)
    .ARM.Collect$$rtentry$$0000000D          0x00000322   Section        8  __rtentry2.o(.ARM.Collect$$rtentry$$0000000D)
    .ARM.Collect$$rtexit$$00000000           0x0000032a   Section        2  rtexit.o(.ARM.Collect$$rtexit$$00000000)
    .ARM.Collect$$rtexit$$00000002           0x0000032c   Section        0  rtexit2.o(.ARM.Collect$$rtexit$$00000002)
    .ARM.Collect$$rtexit$$00000003           0x0000032c   Section        4  rtexit2.o(.ARM.Collect$$rtexit$$00000003)
    .ARM.Collect$$rtexit$$00000004           0x00000330   Section        6  rtexit2.o(.ARM.Collect$$rtexit$$00000004)
    $v0                                      0x00000338   Number         0  sysctl.o(.emb_text)
    .emb_text                                0x00000338   Section        6  sysctl.o(.emb_text)
    $v0                                      0x00000340   Number         0  cpu.o(.emb_text)
    .emb_text                                0x00000340   Section       38  cpu.o(.emb_text)
    $v0                                      0x00000368   Number         0  startup.o(.text)
    .text                                    0x00000368   Section       24  startup.o(.text)
    .text                                    0x00000380   Section        0  heapauxi.o(.text)
    .text                                    0x00000386   Section       74  sys_stackheap_outer.o(.text)
    .text                                    0x000003d0   Section        0  exit.o(.text)
    .text                                    0x000003e4   Section        8  libspace.o(.text)
    .text                                    0x000003ec   Section        0  sys_exit.o(.text)
    .text                                    0x000003f8   Section        2  use_no_semi.o(.text)
    .text                                    0x000003fa   Section        0  indicate_semi.o(.text)
    [Anonymous Symbol]                       0x000003fc   Section        0  main.o(.text.UARTIntHandler)
    [Anonymous Symbol]                       0x00000484   Section        0  main.o(.text.main)
    i.GPIODirModeSet                         0x0000058e   Section        0  gpio.o(i.GPIODirModeSet)
    i.GPIOPadConfigSet                       0x000005b8   Section        0  gpio.o(i.GPIOPadConfigSet)
    i.GPIOPinConfigure                       0x00000728   Section        0  gpio.o(i.GPIOPinConfigure)
    i.GPIOPinTypeGPIOOutput                  0x0000076c   Section        0  gpio.o(i.GPIOPinTypeGPIOOutput)
    i.GPIOPinTypeUART                        0x00000788   Section        0  gpio.o(i.GPIOPinTypeUART)
    i.GPIOPinWrite                           0x000007a4   Section        0  gpio.o(i.GPIOPinWrite)
    i.IntEnable                              0x000007ac   Section        0  interrupt.o(i.IntEnable)
    i.IntMasterEnable                        0x00000810   Section        0  interrupt.o(i.IntMasterEnable)
    i.SysCtlClockGet                         0x00000820   Section        0  sysctl.o(i.SysCtlClockGet)
    i.SysCtlClockSet                         0x00000974   Section        0  sysctl.o(i.SysCtlClockSet)
    i.SysCtlPeripheralEnable                 0x00000a94   Section        0  sysctl.o(i.SysCtlPeripheralEnable)
    i.UARTCharGetNonBlocking                 0x00000abc   Section        0  uart.o(i.UARTCharGetNonBlocking)
    i.UARTCharPut                            0x00000acc   Section        0  uart.o(i.UARTCharPut)
    i.UARTCharPutNonBlocking                 0x00000ad8   Section        0  uart.o(i.UARTCharPutNonBlocking)
    i.UARTCharsAvail                         0x00000ae8   Section        0  uart.o(i.UARTCharsAvail)
    i.UARTConfigSetExpClk                    0x00000af2   Section        0  uart.o(i.UARTConfigSetExpClk)
    i.UARTIntClear                           0x00000b60   Section        0  uart.o(i.UARTIntClear)
    i.UARTIntEnable                          0x00000b64   Section        0  uart.o(i.UARTIntEnable)
    i.UARTIntStatus                          0x00000b6c   Section        0  uart.o(i.UARTIntStatus)
    $v0                                      0x00000b76   Number         0  fpinit.o(x$fpl$fpinit)
    x$fpl$fpinit                             0x00000b76   Section       26  fpinit.o(x$fpl$fpinit)
    g_ppui32GPIOIntMapBlizzard               0x00000b90   Data         192  gpio.o(.constdata)
    .constdata                               0x00000b90   Section      552  gpio.o(.constdata)
    g_ppui32GPIOIntMapSnowflake              0x00000c50   Data         216  gpio.o(.constdata)
    g_pui32GPIOBaseAddrs                     0x00000d28   Data         144  gpio.o(.constdata)
    g_pui32Priority                          0x00000db8   Data          32  interrupt.o(.constdata)
    .constdata                               0x00000db8   Section      268  interrupt.o(.constdata)
    g_pui32Regs                              0x00000dd8   Data         156  interrupt.o(.constdata)
    g_pui32EnRegs                            0x00000e74   Data          20  interrupt.o(.constdata)
    g_pui32Dii16Regs                         0x00000e88   Data          20  interrupt.o(.constdata)
    g_pui32PendRegs                          0x00000e9c   Data          20  interrupt.o(.constdata)
    g_pui32UnpendRegs                        0x00000eb0   Data          20  interrupt.o(.constdata)
    g_pui32VCOFrequencies                    0x00000ec4   Data           8  sysctl.o(.constdata)
    .constdata                               0x00000ec4   Section      596  sysctl.o(.constdata)
    g_pui32Xtals                             0x00000ecc   Data         108  sysctl.o(.constdata)
    g_pppui32XTALtoVCO                       0x00000f38   Data         432  sysctl.o(.constdata)
    g_sXTALtoMEMTIM                          0x000010e8   Data          48  sysctl.o(.constdata)
    .bss                                     0x20000000   Section       96  libspace.o(.bss)
    HeapMem                                  0x20000060   Data           0  startup.o(HEAP)
    StackMem                                 0x20000060   Data           0  startup.o(STACK)
    HEAP                                     0x20000060   Section        0  startup.o(HEAP)
    STACK                                    0x20000060   Section      256  startup.o(STACK)

    Global Symbols

    Symbol Name                              Value     Ov Type        Size  Object(Section)

    BuildAttributes$$THM_ISAv4$E$P$D$K$B$S$7EM$VFPi3$EXTD16$VFPS$VFMA$PE$A:L22UL41UL21$X:L11$S22US41US21$IEEE1$IW$~IW$USESV6$~STKCKD$USESV7$~SHL$OTIME$ROPI$EBA8$UX$STANDARDLIB$REQ8$PRES8$EABIv2 0x00000000   Number         0  anon$$obj.o ABSOLUTE
    __Vectors                                0x00000000   Data           0  startup.o(RESET)
    __ARM_exceptions_init                     - Undefined Weak Reference
    __alloca_initialize                       - Undefined Weak Reference
    __arm_preinit_                            - Undefined Weak Reference
    __arm_relocate_pie_                       - Undefined Weak Reference
    __cpp_initialize__aeabi_                  - Undefined Weak Reference
    __cxa_finalize                            - Undefined Weak Reference
    __rt_locale                               - Undefined Weak Reference
    __sigvec_lookup                           - Undefined Weak Reference
    _atexit_init                              - Undefined Weak Reference
    _call_atexit_fns                          - Undefined Weak Reference
    _clock_init                               - Undefined Weak Reference
    _fp_trap_init                             - Undefined Weak Reference
    _fp_trap_shutdown                         - Undefined Weak Reference
    _get_lc_collate                           - Undefined Weak Reference
    _get_lc_ctype                             - Undefined Weak Reference
    _get_lc_monetary                          - Undefined Weak Reference
    _get_lc_numeric                           - Undefined Weak Reference
    _get_lc_time                              - Undefined Weak Reference
    _getenv_init                              - Undefined Weak Reference
    _handle_redirection                       - Undefined Weak Reference
    _init_alloc                               - Undefined Weak Reference
    _init_user_alloc                          - Undefined Weak Reference
    _initio                                   - Undefined Weak Reference
    _rand_init                                - Undefined Weak Reference
    _signal_finish                            - Undefined Weak Reference
    _signal_init                              - Undefined Weak Reference
    _terminate_alloc                          - Undefined Weak Reference
    _terminate_user_alloc                     - Undefined Weak Reference
    _terminateio                              - Undefined Weak Reference
    Reset_Handler                            0x0000026d   Thumb Code     0  startup.o(RESET)
    __main                                   0x00000289   Thumb Code     8  __main.o(!!!main)
    __scatterload                            0x00000291   Thumb Code     0  __scatter.o(!!!scatter)
    __scatterload_rt2                        0x00000291   Thumb Code    84  __scatter.o(!!!scatter)
    __scatterload_rt2_thumb_only             0x00000291   Thumb Code     0  __scatter.o(!!!scatter)
    __scatterload_loop                       0x0000029b   Thumb Code     0  __scatter.o(!!!scatter)
    __scatterload_null                       0x000002ed   Thumb Code     2  __scatter.o(!!handler_null)
    __scatterload_zeroinit                   0x000002f1   Thumb Code    28  __scatter_zi.o(!!handler_zi)
    __rt_lib_init                            0x0000030d   Thumb Code     0  libinit.o(.ARM.Collect$$libinit$$00000000)
    __rt_lib_init_fp_1                       0x0000030f   Thumb Code     0  libinit2.o(.ARM.Collect$$libinit$$00000001)
    __rt_lib_init_alloca_1                   0x00000313   Thumb Code     0  libinit2.o(.ARM.Collect$$libinit$$00000030)
    __rt_lib_init_argv_1                     0x00000313   Thumb Code     0  libinit2.o(.ARM.Collect$$libinit$$0000002E)
    __rt_lib_init_atexit_1                   0x00000313   Thumb Code     0  libinit2.o(.ARM.Collect$$libinit$$0000001D)
    __rt_lib_init_clock_1                    0x00000313   Thumb Code     0  libinit2.o(.ARM.Collect$$libinit$$00000023)
    __rt_lib_init_cpp_1                      0x00000313   Thumb Code     0  libinit2.o(.ARM.Collect$$libinit$$00000034)
    __rt_lib_init_exceptions_1               0x00000313   Thumb Code     0  libinit2.o(.ARM.Collect$$libinit$$00000032)
    __rt_lib_init_fp_trap_1                  0x00000313   Thumb Code     0  libinit2.o(.ARM.Collect$$libinit$$00000021)
    __rt_lib_init_getenv_1                   0x00000313   Thumb Code     0  libinit2.o(.ARM.Collect$$libinit$$00000025)
    __rt_lib_init_heap_1                     0x00000313   Thumb Code     0  libinit2.o(.ARM.Collect$$libinit$$0000000C)
    __rt_lib_init_lc_collate_1               0x00000313   Thumb Code     0  libinit2.o(.ARM.Collect$$libinit$$00000013)
    __rt_lib_init_lc_ctype_1                 0x00000313   Thumb Code     0  libinit2.o(.ARM.Collect$$libinit$$00000015)
    __rt_lib_init_lc_monetary_1              0x00000313   Thumb Code     0  libinit2.o(.ARM.Collect$$libinit$$00000017)
    __rt_lib_init_lc_numeric_1               0x00000313   Thumb Code     0  libinit2.o(.ARM.Collect$$libinit$$00000019)
    __rt_lib_init_lc_time_1                  0x00000313   Thumb Code     0  libinit2.o(.ARM.Collect$$libinit$$0000001B)
    __rt_lib_init_preinit_1                  0x00000313   Thumb Code     0  libinit2.o(.ARM.Collect$$libinit$$00000006)
    __rt_lib_init_rand_1                     0x00000313   Thumb Code     0  libinit2.o(.ARM.Collect$$libinit$$00000010)
    __rt_lib_init_relocate_pie_1             0x00000313   Thumb Code     0  libinit2.o(.ARM.Collect$$libinit$$00000004)
    __rt_lib_init_return                     0x00000313   Thumb Code     0  libinit2.o(.ARM.Collect$$libinit$$00000035)
    __rt_lib_init_signal_1                   0x00000313   Thumb Code     0  libinit2.o(.ARM.Collect$$libinit$$0000001F)
    __rt_lib_init_stdio_1                    0x00000313   Thumb Code     0  libinit2.o(.ARM.Collect$$libinit$$00000027)
    __rt_lib_init_user_alloc_1               0x00000313   Thumb Code     0  libinit2.o(.ARM.Collect$$libinit$$0000000E)
    __rt_lib_shutdown                        0x00000315   Thumb Code     0  libshutdown.o(.ARM.Collect$$libshutdown$$00000000)
    __rt_lib_shutdown_cpp_1                  0x00000317   Thumb Code     0  libshutdown2.o(.ARM.Collect$$libshutdown$$00000002)
    __rt_lib_shutdown_fp_trap_1              0x00000317   Thumb Code     0  libshutdown2.o(.ARM.Collect$$libshutdown$$00000007)
    __rt_lib_shutdown_heap_1                 0x00000317   Thumb Code     0  libshutdown2.o(.ARM.Collect$$libshutdown$$0000000F)
    __rt_lib_shutdown_return                 0x00000317   Thumb Code     0  libshutdown2.o(.ARM.Collect$$libshutdown$$00000010)
    __rt_lib_shutdown_signal_1               0x00000317   Thumb Code     0  libshutdown2.o(.ARM.Collect$$libshutdown$$0000000A)
    __rt_lib_shutdown_stdio_1                0x00000317   Thumb Code     0  libshutdown2.o(.ARM.Collect$$libshutdown$$00000004)
    __rt_lib_shutdown_user_alloc_1           0x00000317   Thumb Code     0  libshutdown2.o(.ARM.Collect$$libshutdown$$0000000C)
    __rt_entry                               0x00000319   Thumb Code     0  __rtentry.o(.ARM.Collect$$rtentry$$00000000)
    __rt_entry_presh_1                       0x00000319   Thumb Code     0  __rtentry2.o(.ARM.Collect$$rtentry$$00000002)
    __rt_entry_sh                            0x00000319   Thumb Code     0  __rtentry4.o(.ARM.Collect$$rtentry$$00000004)
    __rt_entry_li                            0x0000031f   Thumb Code     0  __rtentry2.o(.ARM.Collect$$rtentry$$0000000A)
    __rt_entry_postsh_1                      0x0000031f   Thumb Code     0  __rtentry2.o(.ARM.Collect$$rtentry$$00000009)
    __rt_entry_main                          0x00000323   Thumb Code     0  __rtentry2.o(.ARM.Collect$$rtentry$$0000000D)
    __rt_entry_postli_1                      0x00000323   Thumb Code     0  __rtentry2.o(.ARM.Collect$$rtentry$$0000000C)
    __rt_exit                                0x0000032b   Thumb Code     0  rtexit.o(.ARM.Collect$$rtexit$$00000000)
    __rt_exit_ls                             0x0000032d   Thumb Code     0  rtexit2.o(.ARM.Collect$$rtexit$$00000003)
    __rt_exit_prels_1                        0x0000032d   Thumb Code     0  rtexit2.o(.ARM.Collect$$rtexit$$00000002)
    __rt_exit_exit                           0x00000331   Thumb Code     0  rtexit2.o(.ARM.Collect$$rtexit$$00000004)
    SysCtlDelay                              0x00000339   Thumb Code     6  sysctl.o(.emb_text)
    CPUcpsid                                 0x00000341   Thumb Code     8  cpu.o(.emb_text)
    CPUprimask                               0x00000349   Thumb Code     6  cpu.o(.emb_text)
    CPUcpsie                                 0x0000034f   Thumb Code     8  cpu.o(.emb_text)
    CPUwfi                                   0x00000357   Thumb Code     4  cpu.o(.emb_text)
    CPUbasepriSet                            0x0000035b   Thumb Code     6  cpu.o(.emb_text)
    CPUbasepriGet                            0x00000361   Thumb Code     6  cpu.o(.emb_text)
    __user_initial_stackheap                 0x00000369   Thumb Code     0  startup.o(.text)
    __use_two_region_memory                  0x00000381   Thumb Code     2  heapauxi.o(.text)
    __rt_heap_escrow$2region                 0x00000383   Thumb Code     2  heapauxi.o(.text)
    __rt_heap_expand$2region                 0x00000385   Thumb Code     2  heapauxi.o(.text)
    __user_setup_stackheap                   0x00000387   Thumb Code    74  sys_stackheap_outer.o(.text)
    exit                                     0x000003d1   Thumb Code    18  exit.o(.text)
    __user_libspace                          0x000003e5   Thumb Code     8  libspace.o(.text)
    __user_perproc_libspace                  0x000003e5   Thumb Code     0  libspace.o(.text)
    __user_perthread_libspace                0x000003e5   Thumb Code     0  libspace.o(.text)
    _sys_exit                                0x000003ed   Thumb Code     8  sys_exit.o(.text)
    __I$use$semihosting                      0x000003f9   Thumb Code     0  use_no_semi.o(.text)
    __use_no_semihosting_swi                 0x000003f9   Thumb Code     2  use_no_semi.o(.text)
    __semihosting_library_function           0x000003fb   Thumb Code     0  indicate_semi.o(.text)
    UARTIntHandler                           0x000003fd   Thumb Code   134  main.o(.text.UARTIntHandler)
    main                                     0x00000485   Thumb Code   266  main.o(.text.main)
    GPIODirModeSet                           0x0000058f   Thumb Code    40  gpio.o(i.GPIODirModeSet)
    GPIOPadConfigSet                         0x000005b9   Thumb Code   354  gpio.o(i.GPIOPadConfigSet)
    GPIOPinConfigure                         0x00000729   Thumb Code    60  gpio.o(i.GPIOPinConfigure)
    GPIOPinTypeGPIOOutput                    0x0000076d   Thumb Code    28  gpio.o(i.GPIOPinTypeGPIOOutput)
    GPIOPinTypeUART                          0x00000789   Thumb Code    28  gpio.o(i.GPIOPinTypeUART)
    GPIOPinWrite                             0x000007a5   Thumb Code     6  gpio.o(i.GPIOPinWrite)
    IntEnable                                0x000007ad   Thumb Code    92  interrupt.o(i.IntEnable)
    IntMasterEnable                          0x00000811   Thumb Code    14  interrupt.o(i.IntMasterEnable)
    SysCtlClockGet                           0x00000821   Thumb Code   304  sysctl.o(i.SysCtlClockGet)
    SysCtlClockSet                           0x00000975   Thumb Code   270  sysctl.o(i.SysCtlClockSet)
    SysCtlPeripheralEnable                   0x00000a95   Thumb Code    36  sysctl.o(i.SysCtlPeripheralEnable)
    UARTCharGetNonBlocking                   0x00000abd   Thumb Code    16  uart.o(i.UARTCharGetNonBlocking)
    UARTCharPut                              0x00000acd   Thumb Code    12  uart.o(i.UARTCharPut)
    UARTCharPutNonBlocking                   0x00000ad9   Thumb Code    16  uart.o(i.UARTCharPutNonBlocking)
    UARTCharsAvail                           0x00000ae9   Thumb Code    10  uart.o(i.UARTCharsAvail)
    UARTConfigSetExpClk                      0x00000af3   Thumb Code   110  uart.o(i.UARTConfigSetExpClk)
    UARTIntClear                             0x00000b61   Thumb Code     4  uart.o(i.UARTIntClear)
    UARTIntEnable                            0x00000b65   Thumb Code     8  uart.o(i.UARTIntEnable)
    UARTIntStatus                            0x00000b6d   Thumb Code    10  uart.o(i.UARTIntStatus)
    _fp_init                                 0x00000b77   Thumb Code    26  fpinit.o(x$fpl$fpinit)
    __fplib_config_fpu_vfp                   0x00000b8f   Thumb Code     0  fpinit.o(x$fpl$fpinit)
    __fplib_config_pureend_doubles           0x00000b8f   Thumb Code     0  fpinit.o(x$fpl$fpinit)
    Region$$Table$$Base                      0x00001118   Number         0  anon$$obj.o(Region$$Table)
    Region$$Table$$Limit                     0x00001128   Number         0  anon$$obj.o(Region$$Table)
    __libspace_start                         0x20000000   Data          96  libspace.o(.bss)
    __temporary_stack_top$libspace           0x20000060   Data           0  libspace.o(.bss)



==============================================================================

Memory Map of the image

  Image Entry point : 0x0000026d

  Load Region LR_1 (Base: 0x00000000, Size: 0x00001128, Max: 0xffffffff, ABSOLUTE)

    Execution Region ER_RO (Exec base: 0x00000000, Load base: 0x00000000, Size: 0x00001128, Max: 0xffffffff, ABSOLUTE)

    Exec Addr    Load Addr    Size         Type   Attr      Idx    E Section Name        Object

    0x00000000   0x00000000   0x00000288   Code   RO           15  * RESET               startup.o
    0x00000288   0x00000288   0x00000008   Code   RO         1134  * !!!main             c_w.l(__main.o)
    0x00000290   0x00000290   0x0000005c   Code   RO         1299    !!!scatter          c_w.l(__scatter.o)
    0x000002ec   0x000002ec   0x00000002   Code   RO         1300    !!handler_null      c_w.l(__scatter.o)
    0x000002ee   0x000002ee   0x00000002   PAD
    0x000002f0   0x000002f0   0x0000001c   Code   RO         1303    !!handler_zi        c_w.l(__scatter_zi.o)
    0x0000030c   0x0000030c   0x00000002   Code   RO         1161    .ARM.Collect$$libinit$$00000000  c_w.l(libinit.o)
    0x0000030e   0x0000030e   0x00000004   Code   RO         1167    .ARM.Collect$$libinit$$00000001  c_w.l(libinit2.o)
    0x00000312   0x00000312   0x00000000   Code   RO         1170    .ARM.Collect$$libinit$$00000004  c_w.l(libinit2.o)
    0x00000312   0x00000312   0x00000000   Code   RO         1172    .ARM.Collect$$libinit$$00000006  c_w.l(libinit2.o)
    0x00000312   0x00000312   0x00000000   Code   RO         1175    .ARM.Collect$$libinit$$0000000C  c_w.l(libinit2.o)
    0x00000312   0x00000312   0x00000000   Code   RO         1177    .ARM.Collect$$libinit$$0000000E  c_w.l(libinit2.o)
    0x00000312   0x00000312   0x00000000   Code   RO         1179    .ARM.Collect$$libinit$$00000010  c_w.l(libinit2.o)
    0x00000312   0x00000312   0x00000000   Code   RO         1182    .ARM.Collect$$libinit$$00000013  c_w.l(libinit2.o)
    0x00000312   0x00000312   0x00000000   Code   RO         1184    .ARM.Collect$$libinit$$00000015  c_w.l(libinit2.o)
    0x00000312   0x00000312   0x00000000   Code   RO         1186    .ARM.Collect$$libinit$$00000017  c_w.l(libinit2.o)
    0x00000312   0x00000312   0x00000000   Code   RO         1188    .ARM.Collect$$libinit$$00000019  c_w.l(libinit2.o)
    0x00000312   0x00000312   0x00000000   Code   RO         1190    .ARM.Collect$$libinit$$0000001B  c_w.l(libinit2.o)
    0x00000312   0x00000312   0x00000000   Code   RO         1192    .ARM.Collect$$libinit$$0000001D  c_w.l(libinit2.o)
    0x00000312   0x00000312   0x00000000   Code   RO         1194    .ARM.Collect$$libinit$$0000001F  c_w.l(libinit2.o)
    0x00000312   0x00000312   0x00000000   Code   RO         1196    .ARM.Collect$$libinit$$00000021  c_w.l(libinit2.o)
    0x00000312   0x00000312   0x00000000   Code   RO         1198    .ARM.Collect$$libinit$$00000023  c_w.l(libinit2.o)
    0x00000312   0x00000312   0x00000000   Code   RO         1200    .ARM.Collect$$libinit$$00000025  c_w.l(libinit2.o)
    0x00000312   0x00000312   0x00000000   Code   RO         1202    .ARM.Collect$$libinit$$00000027  c_w.l(libinit2.o)
    0x00000312   0x00000312   0x00000000   Code   RO         1206    .ARM.Collect$$libinit$$0000002E  c_w.l(libinit2.o)
    0x00000312   0x00000312   0x00000000   Code   RO         1208    .ARM.Collect$$libinit$$00000030  c_w.l(libinit2.o)
    0x00000312   0x00000312   0x00000000   Code   RO         1210    .ARM.Collect$$libinit$$00000032  c_w.l(libinit2.o)
    0x00000312   0x00000312   0x00000000   Code   RO         1212    .ARM.Collect$$libinit$$00000034  c_w.l(libinit2.o)
    0x00000312   0x00000312   0x00000002   Code   RO         1213    .ARM.Collect$$libinit$$00000035  c_w.l(libinit2.o)
    0x00000314   0x00000314   0x00000002   Code   RO         1235    .ARM.Collect$$libshutdown$$00000000  c_w.l(libshutdown.o)
    0x00000316   0x00000316   0x00000000   Code   RO         1250    .ARM.Collect$$libshutdown$$00000002  c_w.l(libshutdown2.o)
    0x00000316   0x00000316   0x00000000   Code   RO         1252    .ARM.Collect$$libshutdown$$00000004  c_w.l(libshutdown2.o)
    0x00000316   0x00000316   0x00000000   Code   RO         1255    .ARM.Collect$$libshutdown$$00000007  c_w.l(libshutdown2.o)
    0x00000316   0x00000316   0x00000000   Code   RO         1258    .ARM.Collect$$libshutdown$$0000000A  c_w.l(libshutdown2.o)
    0x00000316   0x00000316   0x00000000   Code   RO         1260    .ARM.Collect$$libshutdown$$0000000C  c_w.l(libshutdown2.o)
    0x00000316   0x00000316   0x00000000   Code   RO         1263    .ARM.Collect$$libshutdown$$0000000F  c_w.l(libshutdown2.o)
    0x00000316   0x00000316   0x00000002   Code   RO         1264    .ARM.Collect$$libshutdown$$00000010  c_w.l(libshutdown2.o)
    0x00000318   0x00000318   0x00000000   Code   RO         1136    .ARM.Collect$$rtentry$$00000000  c_w.l(__rtentry.o)
    0x00000318   0x00000318   0x00000000   Code   RO         1138    .ARM.Collect$$rtentry$$00000002  c_w.l(__rtentry2.o)
    0x00000318   0x00000318   0x00000006   Code   RO         1150    .ARM.Collect$$rtentry$$00000004  c_w.l(__rtentry4.o)
    0x0000031e   0x0000031e   0x00000000   Code   RO         1140    .ARM.Collect$$rtentry$$00000009  c_w.l(__rtentry2.o)
    0x0000031e   0x0000031e   0x00000004   Code   RO         1141    .ARM.Collect$$rtentry$$0000000A  c_w.l(__rtentry2.o)
    0x00000322   0x00000322   0x00000000   Code   RO         1143    .ARM.Collect$$rtentry$$0000000C  c_w.l(__rtentry2.o)
    0x00000322   0x00000322   0x00000008   Code   RO         1144    .ARM.Collect$$rtentry$$0000000D  c_w.l(__rtentry2.o)
    0x0000032a   0x0000032a   0x00000002   Code   RO         1165    .ARM.Collect$$rtexit$$00000000  c_w.l(rtexit.o)
    0x0000032c   0x0000032c   0x00000000   Code   RO         1215    .ARM.Collect$$rtexit$$00000002  c_w.l(rtexit2.o)
    0x0000032c   0x0000032c   0x00000004   Code   RO         1216    .ARM.Collect$$rtexit$$00000003  c_w.l(rtexit2.o)
    0x00000330   0x00000330   0x00000006   Code   RO         1217    .ARM.Collect$$rtexit$$00000004  c_w.l(rtexit2.o)
    0x00000336   0x00000336   0x00000002   PAD
    0x00000338   0x00000338   0x00000006   Code   RO          477    .emb_text           driverlib.lib(sysctl.o)
    0x0000033e   0x0000033e   0x00000002   PAD
    0x00000340   0x00000340   0x00000026   Code   RO         1120    .emb_text           driverlib.lib(cpu.o)
    0x00000366   0x00000366   0x00000002   PAD
    0x00000368   0x00000368   0x00000018   Code   RO           16    .text               startup.o
    0x00000380   0x00000380   0x00000006   Code   RO         1132    .text               c_w.l(heapauxi.o)
    0x00000386   0x00000386   0x0000004a   Code   RO         1152    .text               c_w.l(sys_stackheap_outer.o)
    0x000003d0   0x000003d0   0x00000012   Code   RO         1154    .text               c_w.l(exit.o)
    0x000003e2   0x000003e2   0x00000002   PAD
    0x000003e4   0x000003e4   0x00000008   Code   RO         1162    .text               c_w.l(libspace.o)
    0x000003ec   0x000003ec   0x0000000c   Code   RO         1225    .text               c_w.l(sys_exit.o)
    0x000003f8   0x000003f8   0x00000002   Code   RO         1240    .text               c_w.l(use_no_semi.o)
    0x000003fa   0x000003fa   0x00000000   Code   RO         1242    .text               c_w.l(indicate_semi.o)
    0x000003fa   0x000003fa   0x00000002   PAD
    0x000003fc   0x000003fc   0x00000086   Code   RO            2    .text.UARTIntHandler  main.o
    0x00000482   0x00000482   0x00000002   PAD
    0x00000484   0x00000484   0x0000010a   Code   RO            4    .text.main          main.o
    0x0000058e   0x0000058e   0x00000028   Code   RO           28    i.GPIODirModeSet    driverlib.lib(gpio.o)
    0x000005b6   0x000005b6   0x00000002   PAD
    0x000005b8   0x000005b8   0x00000170   Code   RO           40    i.GPIOPadConfigSet  driverlib.lib(gpio.o)
    0x00000728   0x00000728   0x00000044   Code   RO           41    i.GPIOPinConfigure  driverlib.lib(gpio.o)
    0x0000076c   0x0000076c   0x0000001c   Code   RO           52    i.GPIOPinTypeGPIOOutput  driverlib.lib(gpio.o)
    0x00000788   0x00000788   0x0000001c   Code   RO           64    i.GPIOPinTypeUART   driverlib.lib(gpio.o)
    0x000007a4   0x000007a4   0x00000006   Code   RO           70    i.GPIOPinWrite      driverlib.lib(gpio.o)
    0x000007aa   0x000007aa   0x00000002   PAD
    0x000007ac   0x000007ac   0x00000064   Code   RO          362    i.IntEnable         driverlib.lib(interrupt.o)
    0x00000810   0x00000810   0x0000000e   Code   RO          365    i.IntMasterEnable   driverlib.lib(interrupt.o)
    0x0000081e   0x0000081e   0x00000002   PAD
    0x00000820   0x00000820   0x00000154   Code   RO          480    i.SysCtlClockGet    driverlib.lib(sysctl.o)
    0x00000974   0x00000974   0x00000120   Code   RO          482    i.SysCtlClockSet    driverlib.lib(sysctl.o)
    0x00000a94   0x00000a94   0x00000028   Code   RO          511    i.SysCtlPeripheralEnable  driverlib.lib(sysctl.o)
    0x00000abc   0x00000abc   0x00000010   Code   RO          832    i.UARTCharGetNonBlocking  driverlib.lib(uart.o)
    0x00000acc   0x00000acc   0x0000000c   Code   RO          833    i.UARTCharPut       driverlib.lib(uart.o)
    0x00000ad8   0x00000ad8   0x00000010   Code   RO          834    i.UARTCharPutNonBlocking  driverlib.lib(uart.o)
    0x00000ae8   0x00000ae8   0x0000000a   Code   RO          835    i.UARTCharsAvail    driverlib.lib(uart.o)
    0x00000af2   0x00000af2   0x0000006e   Code   RO          839    i.UARTConfigSetExpClk  driverlib.lib(uart.o)
    0x00000b60   0x00000b60   0x00000004   Code   RO          852    i.UARTIntClear      driverlib.lib(uart.o)
    0x00000b64   0x00000b64   0x00000008   Code   RO          854    i.UARTIntEnable     driverlib.lib(uart.o)
    0x00000b6c   0x00000b6c   0x0000000a   Code   RO          856    i.UARTIntStatus     driverlib.lib(uart.o)
    0x00000b76   0x00000b76   0x0000001a   Code   RO         1223    x$fpl$fpinit        fz_wm.l(fpinit.o)
    0x00000b90   0x00000b90   0x00000228   Data   RO           73    .constdata          driverlib.lib(gpio.o)
    0x00000db8   0x00000db8   0x0000010c   Data   RO          378    .constdata          driverlib.lib(interrupt.o)
    0x00000ec4   0x00000ec4   0x00000254   Data   RO          533    .constdata          driverlib.lib(sysctl.o)
    0x00001118   0x00001118   0x00000010   Data   RO         1298    Region$$Table       anon$$obj.o


    Execution Region ER_RW (Exec base: 0x20000000, Load base: 0x00001128, Size: 0x00000000, Max: 0xffffffff, ABSOLUTE)

    **** No section assigned to this execution region ****


    Execution Region ER_ZI (Exec base: 0x20000000, Load base: 0x00001128, Size: 0x00000160, Max: 0xffffffff, ABSOLUTE)

    Exec Addr    Load Addr    Size         Type   Attr      Idx    E Section Name        Object

    0x20000000        -       0x00000060   Zero   RW         1163    .bss                c_w.l(libspace.o)
    0x20000060        -       0x00000000   Zero   RW           14    HEAP                startup.o
    0x20000060        -       0x00000100   Zero   RW           13    STACK               startup.o


==============================================================================

Image component sizes


      Code (inc. data)   RO Data    RW Data    ZI Data      Debug   Object Name

       400          0          0          0          0        751   main.o
       672        636          0          0        256        500   startup.o

    ----------------------------------------------------------------------
      1074        636         16          0        256       1251   Object Totals
         0          0         16          0          0          0   (incl. Generated)
         2          0          0          0          0          0   (incl. Padding)

    ----------------------------------------------------------------------

      Code (inc. data)   RO Data    RW Data    ZI Data      Debug   Library Member Name

         8          0          0          0          0         68   __main.o
         0          0          0          0          0          0   __rtentry.o
        12          0          0          0          0          0   __rtentry2.o
         6          0          0          0          0          0   __rtentry4.o
        94          8          0          0          0          0   __scatter.o
        28          0          0          0          0          0   __scatter_zi.o
        18          0          0          0          0         80   exit.o
         6          0          0          0          0        152   heapauxi.o
         0          0          0          0          0          0   indicate_semi.o
         2          0          0          0          0          0   libinit.o
         6          0          0          0          0          0   libinit2.o
         2          0          0          0          0          0   libshutdown.o
         2          0          0          0          0          0   libshutdown2.o
         8          4          0          0         96         68   libspace.o
         2          0          0          0          0          0   rtexit.o
        10          0          0          0          0          0   rtexit2.o
        12          4          0          0          0         68   sys_exit.o
        74          0          0          0          0         80   sys_stackheap_outer.o
         2          0          0          0          0         68   use_no_semi.o
        38          0          0          0          0        572   cpu.o
       538         22        552          0          0       9120   gpio.o
       114          8        268          0          0       2042   interrupt.o
       674         58        596          0          0       4395   sysctl.o
       186          0          0          0          0       5143   uart.o
        26          0          0          0          0        116   fpinit.o

    ----------------------------------------------------------------------
      1886        104       1416          0         96      21972   Library Totals
        18          0          0          0          0          0   (incl. Padding)

    ----------------------------------------------------------------------

      Code (inc. data)   RO Data    RW Data    ZI Data      Debug   Library Name

       292         16          0          0         96        584   c_w.l
      1550         88       1416          0          0      21272   driverlib.lib
        26          0          0          0          0        116   fz_wm.l

    ----------------------------------------------------------------------
      1886        104       1416          0         96      21972   Library Totals

    ----------------------------------------------------------------------

==============================================================================


      Code (inc. data)   RO Data    RW Data    ZI Data      Debug   

      2960        740       1432          0        352      21567   Grand Totals
      2960        740       1432          0        352      21567   ELF Image Totals
      2960        740       1432          0          0          0   ROM Totals

==============================================================================

    Total RO  Size (Code + RO Data)                 4392 (   4.29kB)
    Total RW  Size (RW Data + ZI Data)               352 (   0.34kB)
    Total ROM Size (Code + RO Data + RW Data)       4392 (   4.29kB)

==============================================================================

